
> vite-temp@0.0.0 build
> tsc -b && vite build

src/components/tabs/ChartsTab.tsx(16,3): error TS1484: 'ChartOptions' is a type and must be imported using a type-only import when 'verbatimModuleSyntax' is enabled.
src/components/tabs/ChartsTab.tsx(17,3): error TS1484: 'TooltipItem' is a type and must be imported using a type-only import when 'verbatimModuleSyntax' is enabled.
src/components/tabs/ChartsTab.tsx(152,49): error TS2322: Type '_DeepPartialObject<CoreChartOptions<keyof ChartTypeRegistry> & ElementChartOptions<keyof ChartTypeRegistry> & PluginChartOptions<...> & DatasetChartOptions<...> & ScaleChartOptions<...>>' is not assignable to type '_DeepPartialObject<CoreChartOptions<"bar"> & ElementChartOptions<"bar"> & PluginChartOptions<"bar"> & DatasetChartOptions<"bar"> & ScaleChartOptions<...> & BarControllerChartOptions>'.
  Types of property 'scales' are incompatible.
    Type '_DeepPartialObject<{ [key: string]: ScaleOptionsByType<"radialLinear" | keyof CartesianScaleTypeRegistry>; }> | undefined' is not assignable to type '_DeepPartialObject<{ [key: string]: ScaleOptionsByType<keyof CartesianScaleTypeRegistry>; }> | undefined'.
      Type '_DeepPartialObject<{ [key: string]: ScaleOptionsByType<"radialLinear" | keyof CartesianScaleTypeRegistry>; }>' is not assignable to type '_DeepPartialObject<{ [key: string]: ScaleOptionsByType<keyof CartesianScaleTypeRegistry>; }>'.
        'string' index signatures are incompatible.
          Type '_DeepPartialObject<{ type: "time"; } & Omit<CartesianScaleOptions, "min" | "max"> & { min: string | number; max: string | number; suggestedMin: string | number; ... 5 more ...; ticks: TimeScaleTickOptions; }> | ... 5 more ... | undefined' is not assignable to type '_DeepPartialObject<{ type: "time"; } & Omit<CartesianScaleOptions, "min" | "max"> & { min: string | number; max: string | number; suggestedMin: string | number; ... 5 more ...; ticks: TimeScaleTickOptions; }> | ... 4 more ... | undefined'.
            Type '_DeepPartialObject<{ type: "radialLinear"; } & CoreScaleOptions & { animate: boolean; startAngle: number; angleLines: { display: boolean; color: Scriptable<Color, ScriptableScaleContext>; lineWidth: Scriptable<...>; borderDash: Scriptable<...>; borderDashOffset: Scriptable<...>; }; ... 7 more ...; ticks: RadialTickO...' is not assignable to type '_DeepPartialObject<{ type: "time"; } & Omit<CartesianScaleOptions, "min" | "max"> & { min: string | number; max: string | number; suggestedMin: string | number; ... 5 more ...; ticks: TimeScaleTickOptions; }> | ... 4 more ... | undefined'.
              Type '_DeepPartialObject<{ type: "radialLinear"; } & CoreScaleOptions & { animate: boolean; startAngle: number; angleLines: { display: boolean; color: Scriptable<Color, ScriptableScaleContext>; lineWidth: Scriptable<...>; borderDash: Scriptable<...>; borderDashOffset: Scriptable<...>; }; ... 7 more ...; ticks: RadialTickO...' is not assignable to type '_DeepPartialObject<{ type: "time"; } & Omit<CartesianScaleOptions, "min" | "max"> & { min: string | number; max: string | number; suggestedMin: string | number; ... 5 more ...; ticks: TimeScaleTickOptions; }> | _DeepPartialObject<...> | _DeepPartialObject<...> | _DeepPartialObject<...> | _DeepPartialObject<...>'.
                Type '_DeepPartialObject<{ type: "radialLinear"; } & CoreScaleOptions & { animate: boolean; startAngle: number; angleLines: { display: boolean; color: Scriptable<Color, ScriptableScaleContext>; lineWidth: Scriptable<...>; borderDash: Scriptable<...>; borderDashOffset: Scriptable<...>; }; ... 7 more ...; ticks: RadialTickO...' is not assignable to type '_DeepPartialObject<{ type: "linear"; } & CartesianScaleOptions & { beginAtZero: boolean; suggestedMin?: number | undefined; suggestedMax?: number | undefined; grace?: string | number | undefined; ticks: { ...; }; }>'.
                  Types of property 'type' are incompatible.
                    Type '"radialLinear" | undefined' is not assignable to type '"linear" | undefined'.
                      Type '"radialLinear"' is not assignable to type '"linear"'.
src/components/tabs/ChartsTab.tsx(153,49): error TS2322: Type '_DeepPartialObject<CoreChartOptions<keyof ChartTypeRegistry> & ElementChartOptions<keyof ChartTypeRegistry> & PluginChartOptions<...> & DatasetChartOptions<...> & ScaleChartOptions<...>>' is not assignable to type '_DeepPartialObject<CoreChartOptions<"pie"> & ElementChartOptions<"pie"> & PluginChartOptions<"pie"> & DatasetChartOptions<"pie"> & ScaleChartOptions<...> & DoughnutControllerChartOptions>'.
  Types of property 'scales' are incompatible.
    Type '_DeepPartialObject<{ [key: string]: ScaleOptionsByType<"radialLinear" | keyof CartesianScaleTypeRegistry>; }> | undefined' is not assignable to type '_DeepPartialObject<{ [key: string]: ScaleOptionsByType<keyof CartesianScaleTypeRegistry>; }> | undefined'.
      Type '_DeepPartialObject<{ [key: string]: ScaleOptionsByType<"radialLinear" | keyof CartesianScaleTypeRegistry>; }>' is not assignable to type '_DeepPartialObject<{ [key: string]: ScaleOptionsByType<keyof CartesianScaleTypeRegistry>; }>'.
        'string' index signatures are incompatible.
          Type '_DeepPartialObject<{ type: "time"; } & Omit<CartesianScaleOptions, "min" | "max"> & { min: string | number; max: string | number; suggestedMin: string | number; ... 5 more ...; ticks: TimeScaleTickOptions; }> | ... 5 more ... | undefined' is not assignable to type '_DeepPartialObject<{ type: "time"; } & Omit<CartesianScaleOptions, "min" | "max"> & { min: string | number; max: string | number; suggestedMin: string | number; ... 5 more ...; ticks: TimeScaleTickOptions; }> | ... 4 more ... | undefined'.
            Type '_DeepPartialObject<{ type: "radialLinear"; } & CoreScaleOptions & { animate: boolean; startAngle: number; angleLines: { display: boolean; color: Scriptable<Color, ScriptableScaleContext>; lineWidth: Scriptable<...>; borderDash: Scriptable<...>; borderDashOffset: Scriptable<...>; }; ... 7 more ...; ticks: RadialTickO...' is not assignable to type '_DeepPartialObject<{ type: "time"; } & Omit<CartesianScaleOptions, "min" | "max"> & { min: string | number; max: string | number; suggestedMin: string | number; ... 5 more ...; ticks: TimeScaleTickOptions; }> | ... 4 more ... | undefined'.
              Type '_DeepPartialObject<{ type: "radialLinear"; } & CoreScaleOptions & { animate: boolean; startAngle: number; angleLines: { display: boolean; color: Scriptable<Color, ScriptableScaleContext>; lineWidth: Scriptable<...>; borderDash: Scriptable<...>; borderDashOffset: Scriptable<...>; }; ... 7 more ...; ticks: RadialTickO...' is not assignable to type '_DeepPartialObject<{ type: "time"; } & Omit<CartesianScaleOptions, "min" | "max"> & { min: string | number; max: string | number; suggestedMin: string | number; ... 5 more ...; ticks: TimeScaleTickOptions; }> | _DeepPartialObject<...> | _DeepPartialObject<...> | _DeepPartialObject<...> | _DeepPartialObject<...>'.
                Type '_DeepPartialObject<{ type: "radialLinear"; } & CoreScaleOptions & { animate: boolean; startAngle: number; angleLines: { display: boolean; color: Scriptable<Color, ScriptableScaleContext>; lineWidth: Scriptable<...>; borderDash: Scriptable<...>; borderDashOffset: Scriptable<...>; }; ... 7 more ...; ticks: RadialTickO...' is not assignable to type '_DeepPartialObject<{ type: "linear"; } & CartesianScaleOptions & { beginAtZero: boolean; suggestedMin?: number | undefined; suggestedMax?: number | undefined; grace?: string | number | undefined; ticks: { ...; }; }>'.
                  Types of property 'type' are incompatible.
                    Type '"radialLinear" | undefined' is not assignable to type '"linear" | undefined'.
                      Type '"radialLinear"' is not assignable to type '"linear"'.
src/components/tabs/ChartsTab.tsx(154,59): error TS2322: Type '_DeepPartialObject<CoreChartOptions<keyof ChartTypeRegistry> & ElementChartOptions<keyof ChartTypeRegistry> & PluginChartOptions<...> & DatasetChartOptions<...> & ScaleChartOptions<...>>' is not assignable to type '_DeepPartialObject<CoreChartOptions<"doughnut"> & ElementChartOptions<"doughnut"> & PluginChartOptions<"doughnut"> & DatasetChartOptions<"doughnut"> & ScaleChartOptions<...> & DoughnutControllerChartOptions>'.
  Types of property 'scales' are incompatible.
    Type '_DeepPartialObject<{ [key: string]: ScaleOptionsByType<"radialLinear" | keyof CartesianScaleTypeRegistry>; }> | undefined' is not assignable to type '_DeepPartialObject<{ [key: string]: ScaleOptionsByType<keyof CartesianScaleTypeRegistry>; }> | undefined'.
      Type '_DeepPartialObject<{ [key: string]: ScaleOptionsByType<"radialLinear" | keyof CartesianScaleTypeRegistry>; }>' is not assignable to type '_DeepPartialObject<{ [key: string]: ScaleOptionsByType<keyof CartesianScaleTypeRegistry>; }>'.
        'string' index signatures are incompatible.
          Type '_DeepPartialObject<{ type: "time"; } & Omit<CartesianScaleOptions, "min" | "max"> & { min: string | number; max: string | number; suggestedMin: string | number; ... 5 more ...; ticks: TimeScaleTickOptions; }> | ... 5 more ... | undefined' is not assignable to type '_DeepPartialObject<{ type: "time"; } & Omit<CartesianScaleOptions, "min" | "max"> & { min: string | number; max: string | number; suggestedMin: string | number; ... 5 more ...; ticks: TimeScaleTickOptions; }> | ... 4 more ... | undefined'.
            Type '_DeepPartialObject<{ type: "radialLinear"; } & CoreScaleOptions & { animate: boolean; startAngle: number; angleLines: { display: boolean; color: Scriptable<Color, ScriptableScaleContext>; lineWidth: Scriptable<...>; borderDash: Scriptable<...>; borderDashOffset: Scriptable<...>; }; ... 7 more ...; ticks: RadialTickO...' is not assignable to type '_DeepPartialObject<{ type: "time"; } & Omit<CartesianScaleOptions, "min" | "max"> & { min: string | number; max: string | number; suggestedMin: string | number; ... 5 more ...; ticks: TimeScaleTickOptions; }> | ... 4 more ... | undefined'.
              Type '_DeepPartialObject<{ type: "radialLinear"; } & CoreScaleOptions & { animate: boolean; startAngle: number; angleLines: { display: boolean; color: Scriptable<Color, ScriptableScaleContext>; lineWidth: Scriptable<...>; borderDash: Scriptable<...>; borderDashOffset: Scriptable<...>; }; ... 7 more ...; ticks: RadialTickO...' is not assignable to type '_DeepPartialObject<{ type: "time"; } & Omit<CartesianScaleOptions, "min" | "max"> & { min: string | number; max: string | number; suggestedMin: string | number; ... 5 more ...; ticks: TimeScaleTickOptions; }> | _DeepPartialObject<...> | _DeepPartialObject<...> | _DeepPartialObject<...> | _DeepPartialObject<...>'.
                Type '_DeepPartialObject<{ type: "radialLinear"; } & CoreScaleOptions & { animate: boolean; startAngle: number; angleLines: { display: boolean; color: Scriptable<Color, ScriptableScaleContext>; lineWidth: Scriptable<...>; borderDash: Scriptable<...>; borderDashOffset: Scriptable<...>; }; ... 7 more ...; ticks: RadialTickO...' is not assignable to type '_DeepPartialObject<{ type: "linear"; } & CartesianScaleOptions & { beginAtZero: boolean; suggestedMin?: number | undefined; suggestedMax?: number | undefined; grace?: string | number | undefined; ticks: { ...; }; }>'.
                  Types of property 'type' are incompatible.
                    Type '"radialLinear" | undefined' is not assignable to type '"linear" | undefined'.
                      Type '"radialLinear"' is not assignable to type '"linear"'.
src/components/tabs/ChartsTab.tsx(155,51): error TS2322: Type '_DeepPartialObject<CoreChartOptions<keyof ChartTypeRegistry> & ElementChartOptions<keyof ChartTypeRegistry> & PluginChartOptions<...> & DatasetChartOptions<...> & ScaleChartOptions<...>>' is not assignable to type '_DeepPartialObject<CoreChartOptions<"line"> & ElementChartOptions<"line"> & PluginChartOptions<"line"> & DatasetChartOptions<"line"> & ScaleChartOptions<...> & LineControllerChartOptions>'.
  Types of property 'scales' are incompatible.
    Type '_DeepPartialObject<{ [key: string]: ScaleOptionsByType<"radialLinear" | keyof CartesianScaleTypeRegistry>; }> | undefined' is not assignable to type '_DeepPartialObject<{ [key: string]: ScaleOptionsByType<keyof CartesianScaleTypeRegistry>; }> | undefined'.
      Type '_DeepPartialObject<{ [key: string]: ScaleOptionsByType<"radialLinear" | keyof CartesianScaleTypeRegistry>; }>' is not assignable to type '_DeepPartialObject<{ [key: string]: ScaleOptionsByType<keyof CartesianScaleTypeRegistry>; }>'.
        'string' index signatures are incompatible.
          Type '_DeepPartialObject<{ type: "time"; } & Omit<CartesianScaleOptions, "min" | "max"> & { min: string | number; max: string | number; suggestedMin: string | number; ... 5 more ...; ticks: TimeScaleTickOptions; }> | ... 5 more ... | undefined' is not assignable to type '_DeepPartialObject<{ type: "time"; } & Omit<CartesianScaleOptions, "min" | "max"> & { min: string | number; max: string | number; suggestedMin: string | number; ... 5 more ...; ticks: TimeScaleTickOptions; }> | ... 4 more ... | undefined'.
            Type '_DeepPartialObject<{ type: "radialLinear"; } & CoreScaleOptions & { animate: boolean; startAngle: number; angleLines: { display: boolean; color: Scriptable<Color, ScriptableScaleContext>; lineWidth: Scriptable<...>; borderDash: Scriptable<...>; borderDashOffset: Scriptable<...>; }; ... 7 more ...; ticks: RadialTickO...' is not assignable to type '_DeepPartialObject<{ type: "time"; } & Omit<CartesianScaleOptions, "min" | "max"> & { min: string | number; max: string | number; suggestedMin: string | number; ... 5 more ...; ticks: TimeScaleTickOptions; }> | ... 4 more ... | undefined'.
              Type '_DeepPartialObject<{ type: "radialLinear"; } & CoreScaleOptions & { animate: boolean; startAngle: number; angleLines: { display: boolean; color: Scriptable<Color, ScriptableScaleContext>; lineWidth: Scriptable<...>; borderDash: Scriptable<...>; borderDashOffset: Scriptable<...>; }; ... 7 more ...; ticks: RadialTickO...' is not assignable to type '_DeepPartialObject<{ type: "time"; } & Omit<CartesianScaleOptions, "min" | "max"> & { min: string | number; max: string | number; suggestedMin: string | number; ... 5 more ...; ticks: TimeScaleTickOptions; }> | _DeepPartialObject<...> | _DeepPartialObject<...> | _DeepPartialObject<...> | _DeepPartialObject<...>'.
                Type '_DeepPartialObject<{ type: "radialLinear"; } & CoreScaleOptions & { animate: boolean; startAngle: number; angleLines: { display: boolean; color: Scriptable<Color, ScriptableScaleContext>; lineWidth: Scriptable<...>; borderDash: Scriptable<...>; borderDashOffset: Scriptable<...>; }; ... 7 more ...; ticks: RadialTickO...' is not assignable to type '_DeepPartialObject<{ type: "linear"; } & CartesianScaleOptions & { beginAtZero: boolean; suggestedMin?: number | undefined; suggestedMax?: number | undefined; grace?: string | number | undefined; ticks: { ...; }; }>'.
                  Types of property 'type' are incompatible.
                    Type '"radialLinear" | undefined' is not assignable to type '"linear" | undefined'.
                      Type '"radialLinear"' is not assignable to type '"linear"'.
